
> vite-react-shadcn-ts@0.0.0 build
> vite build

[36mvite v5.4.19 [32mbuilding for production...[36m[39m
transforming...
Browserslist: browsers data (caniuse-lite) is 9 months old. Please run:
  npx update-browserslist-db@latest
  Why you should do it regularly: https://github.com/browserslist/update-db#readme
[vite:css] @import must precede all other statements (besides @charset or empty @layer)
3  |  @tailwind utilities;
4  |  
5  |  @import url('https://fonts.googleapis.com/css2?family=Inter:wght@300;400;500;600;700;800;900&family=Space+Grotesk:wght@400;500;600;700&family=Orbitron:wght@400;500;600;700;800;900&family=Noto+Sans+Telugu:wght@400;700&family=Hind:wght@400;700&display=swap');
   |  ^^^^^^^^^^^^^^^^^^^^^^^^^^^^^^^^^^^^^^^^^^^^^^^^^^^^^^^^^^^^^^^^^^^^^^^^^^^^^^^^^^^^^^^^^^^^^^^^^^^^^^^^^^^^^^^^^^^^^^^^^^^^^^^^^^^^^^^^^^^^^^^^^^^^^^^^^^^^^^^^^^^^^^^^^^^^^^^^^^^^^^^^^^^^^^^^^^^^^^^^^^^^^^^^^^^^^^^^^^^^^^^^^^^^^^^^^^^^^^^^^^^^^^^^^^^^^^^^^
6  |  
7  |  @layer base {
[32mΓ£ô[39m 9 modules transformed.
x Build failed in 2.08s
error during build:
[vite:json] [plugin vite:json] src/locales/en.json (573:2): Failed to parse JSON file, invalid JSON syntax found at position 24410
file: C:/Users/DEVIVARA PRASAD/Downloads/siddhidynamics-main/siddhidynamics-main/src/locales/en.json:573:2

571:     }
572:   }
573:   },
       ^
574:   "eid": {
575:     "headline": "Eid Mubarak ≡ƒîÖ",

    at getRollupError (file:///C:/Users/DEVIVARA%20PRASAD/Downloads/siddhidynamics-main/siddhidynamics-main/node_modules/rollup/dist/es/shared/parseAst.js:395:41)
    at error (file:///C:/Users/DEVIVARA%20PRASAD/Downloads/siddhidynamics-main/siddhidynamics-main/node_modules/rollup/dist/es/shared/parseAst.js:391:42)
    at Object.error (file:///C:/Users/DEVIVARA%20PRASAD/Downloads/siddhidynamics-main/siddhidynamics-main/node_modules/rollup/dist/es/shared/node-entry.js:20545:20)
    at Object.error (file:///C:/Users/DEVIVARA%20PRASAD/Downloads/siddhidynamics-main/siddhidynamics-main/node_modules/rollup/dist/es/shared/node-entry.js:19604:42)
    at Object.transform (file:///C:/Users/DEVIVARA%20PRASAD/Downloads/siddhidynamics-main/siddhidynamics-main/node_modules/vite/dist/node/chunks/dep-C6uTJdX2.js:47184:14)
    at file:///C:/Users/DEVIVARA%20PRASAD/Downloads/siddhidynamics-main/siddhidynamics-main/node_modules/rollup/dist/es/shared/node-entry.js:20730:40
