Testing Supabase connectivity via direct IP...
STATUS: 200
{"swagger":"2.0","info":{"description":"","title":"standard public schema","version":"14.1"},"host":"xgrdubcpomwzbuaqtjad.supabase.co:443","basePath":"/","schemes":["https"],"consumes":["application/json","application/vnd.pgrst.object+json;nulls=stripped","application/vnd.pgrst.object+json","text/csv"],"produces":["application/json","application/vnd.pgrst.object+json;nulls=stripped","application/vnd.pgrst.object+json","text/csv"],"paths":{"/":{"get":{"produces":["application/openapi+json","application/json"],"responses":{"200":{"description":"OK"}},"summary":"OpenAPI description (this document)","tags":["Introspection"]}},"/contact_submissions":{"get":{"parameters":[{"$ref":"#/parameters/rowFilter.contact_submissions.id"},{"$ref":"#/parameters/rowFilter.contact_submissions.created_at"},{"$ref":"#/parameters/rowFilter.contact_submissions.name"},{"$ref":"#/parameters/rowFilter.contact_submissions.email"},{"$ref":"#/parameters/rowFilter.contact_submissions.organization"},{"$ref":"#/parameters/rowFilter.contact_submissions.designation"},{"$ref":"#/parameters/rowFilter.contact_submissions.inquiry_type"},{"$ref":"#/parameters/rowFilter.contact_submissions.message"},{"$ref":"#/parameters/rowFilter.contact_submissions.is_public"},{"$ref":"#/parameters/rowFilter.contact_submissions.status"},{"$ref":"#/parameters/rowFilter.contact_submissions.progress"},{"$ref":"#/parameters/rowFilter.contact_submissions.bounty_reward"},{"$ref":"#/parameters/rowFilter.contact_submissions.response"},{"$ref":"#/parameters/rowFilter.contact_submissions.milestones"},{"$ref":"#/parameters/rowFilter.contact_submissions.file_url"},{"$ref":"#/parameters/select"},{"$ref":"#/parameters/order"},{"$ref":"#/parameters/range"},{"$ref":"#/parameters/rangeUnit"},{"$ref":"#/parameters/offset"},{"$ref":"#/parameters/limit"},{"$ref":"#/parameters/preferCount"}],"responses":{"200":{"description":"OK","schema":{"items":{"$ref":"#/definitions/contact_submissions"},"type":"array"}},"206":{"description":"Partial Content"}},"tags":["contact_submissions"]},"post":{"parameters":[{"$ref":"#/parameters/body.contact_submissions"},{"$ref":"#/parameters/select"},{"$ref":"#/parameters/preferPost"}],"responses":{"201":{"description":"Created"}},"tags":["contact_submissions"]},"delete":{"parameters":[{"$ref":"#/parameters/rowFilter.contact_submissions.id"},{"$ref":"#/parameters/rowFilter.contact_submissions.created_at"},{"$ref":"#/parameters/rowFilter.contact_submissions.name"},{"$ref":"#/parameters/rowFilter.contact_submissions.email"},{"$ref":"#/parameters/rowFilter.contact_submissions.organization"},{"$ref":"#/parameters/rowFilter.contact_submissions.designation"},{"$ref":"#/parameters/rowFilter.contact_submissions.inquiry_type"},{"$ref":"#/parameters/rowFilter.contact_submissions.message"},{"$ref":"#/parameters/rowFilter.contact_submissions.is_public"},{"$ref":"#/parameters/rowFilter.contact_submissions.status"},{"$ref":"#/parameters/rowFilter.contact_submissions.progress"},{"$ref":"#/parameters/rowFilter.contact_submissions.bounty_reward"},{"$ref":"#/parameters/rowFilter.contact_submissions.response"},{"$ref":"#/parameters/rowFilter.contact_submissions.milestones"},{"$ref":"#/parameters/rowFilter.contact_submissions.file_url"},{"$ref":"#/parameters/preferReturn"}],"responses":{"204":{"description":"No Content"}},"tags":["contact_submissions"]},"patch":{"parameters":[{"$ref":"#/parameters/rowFilter.contact_submissions.id"},{"$ref":"#/parameters/rowFilter.contact_submissions.created_at"},{"$ref":"#/parameters/rowFilter.contact_submissions.name"},{"$ref":"#/parameters/rowFilter.contact_submissions.email"},{"$ref":"#/parameters/rowFilter.contact_submissions.organization"},{"$ref":"#/parameters/rowFilter.contact_submissions.designation"},{"$ref":"#/parameters/rowFilter.contact_submissions.inquiry_type"},{"$ref":"#/parameters/rowFilter.contact_submissions.message"},{"$ref":"#/parameters/rowFilter.contact_submissions.is_public"},{"$ref":"#/parameters/rowFilter.contact_submissions.status"},{"$ref":"#/parameters/rowFilter.contact_submissions.progress"},{"$ref":"#/parameters/rowFilter.contact_submissions.bounty_reward"},{"$ref":"#/parameters/rowFilter.contact_submissions.response"},{"$ref":"#/parameters/rowFilter.contact_submissions.milestones"},{"$ref":"#/parameters/rowFilter.contact_submissions.file_url"},{"$ref":"#/parameters/body.contact_submissions"},{"$ref":"#/parameters/preferReturn"}],"responses":{"204":{"description":"No Content"}},"tags":["contact_submissions"]}},"/chat_messages":{"get":{"parameters":[{"$ref":"#/parameters/rowFilter.chat_messages.id"},{"$ref":"#/parameters/rowFilter.chat_messages.created_at"},{"$ref":"#/parameters/rowFilter.chat_messages.submission_id"},{"$ref":"#/parameters/rowFilter.chat_messages.sender_email"},{"$ref":"#/parameters/rowFilter.chat_messages.message"},{"$ref":"#/parameters/rowFilter.chat_messages.is_admin"},{"$ref":"#/parameters/select"},{"$ref":"#/parameters/order"},{"$ref":"#/parameters/range"},{"$ref":"#/parameters/rangeUnit"},{"$ref":"#/parameters/offset"},{"$ref":"#/parameters/limit"},{"$ref":"#/parameters/preferCount"}],"responses":{"200":{"description":"OK","schema":{"items":{"$ref":"#/definitions/chat_messages"},"type":"array"}},"206":{"description":"Partial Content"}},"tags":["chat_messages"]},"post":{"parameters":[{"$ref":"#/parameters/body.chat_messages"},{"$ref":"#/parameters/select"},{"$ref":"#/parameters/preferPost"}],"responses":{"201":{"description":"Created"}},"tags":["chat_messages"]},"delete":{"parameters":[{"$ref":"#/parameters/rowFilter.chat_messages.id"},{"$ref":"#/parameters/rowFilter.chat_messages.created_at"},{"$ref":"#/parameters/rowFilter.chat_messages.submission_id"},{"$ref":"#/parameters/rowFilter.chat_messages.sender_email"},{"$ref":"#/parameters/rowFilter.chat_messages.message"},{"$ref":"#/parameters/rowFilter.chat_messages.is_admin"},{"$ref":"#/parameters/preferReturn"}],"responses":{"204":{"description":"No Content"}},"tags":["chat_messages"]},"patch":{"parameters":[{"$ref":"#/parameters/rowFilter.chat_messages.id"},{"$ref":"#/parameters/rowFilter.chat_messages.created_at"},{"$ref":"#/parameters/rowFilter.chat_messages.submission_id"},{"$ref":"#/parameters/rowFilter.chat_messages.sender_email"},{"$ref":"#/parameters/rowFilter.chat_messages.message"},{"$ref":"#/parameters/rowFilter.chat_messages.is_admin"},{"$ref":"#/parameters/body.chat_messages"},{"$ref":"#/parameters/preferReturn"}],"responses":{"204":{"description":"No Content"}},"tags":["chat_messages"]}},"/submission_chats":{"get":{"parameters":[{"$ref":"#/parameters/rowFilter.submission_chats.id"},{"$ref":"#/parameters/rowFilter.submission_chats.submission_id"},{"$ref":"#/parameters/rowFilter.submission_chats.sender_id"},{"$ref":"#/parameters/rowFilter.submission_chats.message"},{"$ref":"#/parameters/rowFilter.submission_chats.is_admin_reply"},{"$ref":"#/parameters/rowFilter.submission_chats.created_at"},{"$ref":"#/parameters/select"},{"$ref":"#/parameters/order"},{"$ref":"#/parameters/range"},{"$ref":"#/parameters/rangeUnit"},{"$ref":"#/parameters/offset"},{"$ref":"#/parameters/limit"},{"$ref":"#/parameters/preferCount"}],"responses":{"200":{"description":"OK","schema":{"items":{"$ref":"#/definitions/submission_chats"},"type":"array"}},"206":{"description":"Partial Content"}},"tags":["submission_chats"]},"post":{"parameters":[{"$ref":"#/parameters/body.submission_chats"},{"$ref":"#/parameters/select"},{"$ref":"#/parameters/preferPost"}],"responses":{"201":{"description":"Created"}},"tags":["submission_chats"]},"delete":{"parameters":[{"$ref":"#/parameters/rowFilter.submission_chats.id"},{"$ref":"#/parameters/rowFilter.submission_chats.submission_id"},{"$ref":"#/parameters/rowFilter.submission_chats.sender_id"},{"$ref":"#/parameters/rowFilter.submission_chats.message"},{"$ref":"#/parameters/rowFilter.submission_chats.is_admin_reply"},{"$ref":"#/parameters/rowFilter.submission_chats.created_at"},{"$ref":"#/parameters/preferReturn"}],"responses":{"204":{"description":"No Content"}},"tags":["submission_chats"]},"patch":{"parameters":[{"$ref":"#/parameters/rowFilter.submission_chats.id"},{"$ref":"#/parameters/rowFilter.submission_chats.submission_id"},{"$ref":"#/parameters/rowFilter.submission_chats.sender_id"},{"$ref":"#/parameters/rowFilter.submission_chats.message"},{"$ref":"#/parameters/rowFilter.submission_chats.is_admin_reply"},{"$ref":"#/parameters/rowFilter.submission_chats.created_at"},{"$ref":"#/parameters/body.submission_chats"},{"$ref":"#/parameters/preferReturn"}],"responses":{"204":{"description":"No Content"}},"tags":["submission_chats"]}},"/project_waitlist":{"get":{"parameters":[{"$ref":"#/parameters/rowFilter.project_waitlist.id"},{"$ref":"#/parameters/rowFilter.project_waitlist.created_at"},{"$ref":"#/parameters/rowFilter.project_waitlist.name"},{"$ref":"#/parameters/rowFilter.project_waitlist.email"},{"$ref":"#/parameters/rowFilter.project_waitlist.project_id"},{"$ref":"#/parameters/rowFilter.project_waitlist.project_name"},{"$ref":"#/parameters/rowFilter.project_waitlist.idea_rating"},{"$ref":"#/parameters/rowFilter.project_waitlist.comment"},{"$ref":"#/parameters/select"},{"$ref":"#/parameters/order"},{"$ref":"#/parameters/range"},{"$ref":"#/parameters/rangeUnit"},{"$ref":"#/parameters/offset"},{"$ref":"#/parameters/limit"},{"$ref":"#/parameters/preferCount"}],"responses":{"200":{"description":"OK","schema":{"items":{"$ref":"#/definitions/project_waitlist"},"type":"array"}},"206":{"description":"Partial Content"}},"tags":["project_waitlist"]},"post":{"parameters":[{"$ref":"#/parameters/body.project_waitlist"},{"$ref":"#/parameters/select"},{"$ref":"#/parameters/preferPost"}],"responses":{"201":{"description":"Created"}},"tags":["project_waitlist"]},"delete":{"parameters":[{"$ref":"#/parameters/rowFilter.project_waitlist.id"},{"$ref":"#/parameters/rowFilter.project_waitlist.created_at"},{"$ref":"#/parameters/rowFilter.project_waitlist.name"},{"$ref":"#/parameters/rowFilter.project_waitlist.email"},{"$ref":"#/parameters/rowFilter.project_waitlist.project_id"},{"$ref":"#/parameters/rowFilter.project_waitlist.project_name"},{"$ref":"#/parameters/rowFilter.project_waitlist.idea_rating"},{"$ref":"#/parameters/rowFilter.project_waitlist.comment"},{"$ref":"#/parameters/preferReturn"}],"responses":{"204":{"description":"No Content"}},"tags":["project_waitlist"]},"patch":{"parameters":[{"$ref":"#/parameters/rowFilter.project_waitlist.id"},{"$ref":"#/parameters/rowFilter.project_waitlist.created_at"},{"$ref":"#/parameters/rowFilter.project_waitlist.name"},{"$ref":"#/parameters/rowFilter.project_waitlist.email"},{"$ref":"#/parameters/rowFilter.project_waitlist.project_id"},{"$ref":"#/parameters/rowFilter.project_waitlist.project_name"},{"$ref":"#/parameters/rowFilter.project_waitlist.idea_rating"},{"$ref":"#/parameters/rowFilter.project_waitlist.comment"},{"$ref":"#/parameters/body.project_waitlist"},{"$ref":"#/parameters/preferReturn"}],"responses":{"204":{"description":"No Content"}},"tags":["project_waitlist"]}}},"definitions":{"contact_submissions":{"required":["id","name","email","inquiry_type","message"],"properties":{"id":{"default":"gen_random_uuid()","description":"Note:\nThis is a Primary Key.<pk/>","format":"uuid","type":"string"},"created_at":{"default":"now()","format":"timestamp with time zone","type":"string"},"name":{"format":"text","type":"string"},"email":{"format":"text","type":"string"},"organization":{"format":"text","type":"string"},"designation":{"format":"text","type":"string"},"inquiry_type":{"format":"text","type":"string"},"message":{"format":"text","type":"string"},"is_public":{"default":false,"format":"boolean","type":"boolean"},"status":{"default":"Analyzing","format":"text","type":"string"},"progress":{"default":0,"format":"integer","type":"integer"},"bounty_reward":{"format":"text","type":"string"},"response":{"format":"text","type":"string"},"milestones":{"format":"jsonb"},"file_url":{"format":"text","type":"string"}},"type":"object"},"chat_messages":{"required":["id","created_at","submission_id","sender_email","message"],"properties":{"id":{"default":"gen_random_uuid()","description":"Note:\nThis is a Primary Key.<pk/>","format":"uuid","type":"string"},"created_at":{"default":"timezone('utc'::text, now())","format":"timestamp with time zone","type":"string"},"submission_id":{"format":"uuid","type":"string"},"sender_email":{"format":"text","type":"string"},"message":{"format":"text","type":"string"},"is_admin":{"default":false,"format":"boolean","type":"boolean"}},"type":"object"},"submission_chats":{"required":["id","sender_id","message"],"properties":{"id":{"default":"gen_random_uuid()","description":"Note:\nThis is a Primary Key.<pk/>","format":"uuid","type":"string"},"submission_id":{"description":"Note:\nThis is a Foreign Key to `contact_submissions.id`.<fk table='contact_submissions' column='id'/>","format":"uuid","type":"string"},"sender_id":{"format":"text","type":"string"},"message":{"format":"text","type":"string"},"is_admin_reply":{"default":false,"format":"boolean","type":"boolean"},"created_at":{"default":"now()","format":"timestamp with time zone","type":"string"}},"type":"object"},"project_waitlist":{"required":["id","name","email","project_id","project_name"],"properties":{"id":{"default":"gen_random_uuid()","description":"Note:\nThis is a Primary Key.<pk/>","format":"uuid","type":"string"},"created_at":{"default":"now()","format":"timestamp with time zone","type":"string"},"name":{"format":"text","type":"string"},"email":{"format":"text","type":"string"},"project_id":{"format":"text","type":"string"},"project_name":{"format":"text","type":"string"},"idea_rating":{"format":"integer","type":"integer"},"comment":{"format":"text","type":"string"}},"type":"object"}},"parameters":{"preferParams":{"name":"Prefer","description":"Preference","required":false,"in":"header","type":"string"},"preferReturn":{"name":"Prefer","description":"Preference","required":false,"enum":["return=representation","return=minimal","return=none"],"in":"header","type":"string"},"preferCount":{"name":"Prefer","description":"Preference","required":false,"enum":["count=none"],"in":"header","type":"string"},"preferPost":{"name":"Prefer","description":"Preference","required":false,"enum":["return=representation","return=minimal","return=none","resolution=ignore-duplicates","resolution=merge-duplicates"],"in":"header","type":"string"},"select":{"name":"select","description":"Filtering Columns","required":false,"in":"query","type":"string"},"on_conflict":{"name":"on_conflict","description":"On Conflict","required":false,"in":"query","type":"string"},"order":{"name":"order","description":"Ordering","required":false,"in":"query","type":"string"},"range":{"name":"Range","description":"Limiting and Pagination","required":false,"in":"header","type":"string"},"rangeUnit":{"name":"Range-Unit","description":"Limiting and Pagination","required":false,"default":"items","in":"header","type":"string"},"offset":{"name":"offset","description":"Limiting and Pagination","required":false,"in":"query","type":"string"},"limit":{"name":"limit","description":"Limiting and Pagination","required":false,"in":"query","type":"string"},"body.contact_submissions":{"name":"contact_submissions","description":"contact_submissions","required":false,"in":"body","schema":{"$ref":"#/definitions/contact_submissions"}},"rowFilter.contact_submissions.id":{"name":"id","required":false,"in":"query","type":"string"},"rowFilter.contact_submissions.created_at":{"name":"created_at","required":false,"in":"query","type":"string"},"rowFilter.contact_submissions.name":{"name":"name","required":false,"in":"query","type":"string"},"rowFilter.contact_submissions.email":{"name":"email","required":false,"in":"query","type":"string"},"rowFilter.contact_submissions.organization":{"name":"organization","required":false,"in":"query","type":"string"},"rowFilter.contact_submissions.designation":{"name":"designation","required":false,"in":"query","type":"string"},"rowFilter.contact_submissions.inquiry_type":{"name":"inquiry_type","required":false,"in":"query","type":"string"},"rowFilter.contact_submissions.message":{"name":"message","required":false,"in":"query","type":"string"},"rowFilter.contact_submissions.is_public":{"name":"is_public","required":false,"in":"query","type":"string"},"rowFilter.contact_submissions.status":{"name":"status","required":false,"in":"query","type":"string"},"rowFilter.contact_submissions.progress":{"name":"progress","required":false,"in":"query","type":"string"},"rowFilter.contact_submissions.bounty_reward":{"name":"bounty_reward","required":false,"in":"query","type":"string"},"rowFilter.contact_submissions.response":{"name":"response","required":false,"in":"query","type":"string"},"rowFilter.contact_submissions.milestones":{"name":"milestones","required":false,"in":"query","type":"string"},"rowFilter.contact_submissions.file_url":{"name":"file_url","required":false,"in":"query","type":"string"},"body.chat_messages":{"name":"chat_messages","description":"chat_messages","required":false,"in":"body","schema":{"$ref":"#/definitions/chat_messages"}},"rowFilter.chat_messages.id":{"name":"id","required":false,"in":"query","type":"string"},"rowFilter.chat_messages.created_at":{"name":"created_at","required":false,"in":"query","type":"string"},"rowFilter.chat_messages.submission_id":{"name":"submission_id","required":false,"in":"query","type":"string"},"rowFilter.chat_messages.sender_email":{"name":"sender_email","required":false,"in":"query","type":"string"},"rowFilter.chat_messages.message":{"name":"message","required":false,"in":"query","type":"string"},"rowFilter.chat_messages.is_admin":{"name":"is_admin","required":false,"in":"query","type":"string"},"body.submission_chats":{"name":"submission_chats","description":"submission_chats","required":false,"in":"body","schema":{"$ref":"#/definitions/submission_chats"}},"rowFilter.submission_chats.id":{"name":"id","required":false,"in":"query","type":"string"},"rowFilter.submission_chats.submission_id":{"name":"submission_id","required":false,"in":"query","type":"string"},"rowFilter.submission_chats.sender_id":{"name":"sender_id","required":false,"in":"query","type":"string"},"rowFilter.submission_chats.message":{"name":"message","required":false,"in":"query","type":"string"},"rowFilter.submission_chats.is_admin_reply":{"name":"is_admin_reply","required":false,"in":"query","type":"string"},"rowFilter.submission_chats.created_at":{"name":"created_at","required":false,"in":"query","type":"string"},"body.project_waitlist":{"name":"project_waitlist","description":"project_waitlist","required":false,"in":"body","schema":{"$ref":"#/definitions/project_waitlist"}},"rowFilter.project_waitlist.id":{"name":"id","required":false,"in":"query","type":"string"},"rowFilter.project_waitlist.created_at":{"name":"created_at","required":false,"in":"query","type":"string"},"rowFilter.project_waitlist.name":{"name":"name","required":false,"in":"query","type":"string"},"rowFilter.project_waitlist.email":{"name":"email","required":false,"in":"query","type":"string"},"rowFilter.project_waitlist.project_id":{"name":"project_id","required":false,"in":"query","type":"string"},"rowFilter.project_waitlist.project_name":{"name":"project_name","required":false,"in":"query","type":"string"},"rowFilter.project_waitlist.idea_rating":{"name":"idea_rating","required":false,"in":"query","type":"string"},"rowFilter.project_waitlist.comment":{"name":"comment","required":false,"in":"query","type":"string"}},"externalDocs":{"description":"PostgREST Documentation","url":"https://postgrest.org/en/v14/references/api.html"}}
